
==========
== CUDA ==
==========

CUDA Version 13.0.3

Container image Copyright (c) 2016-2023, NVIDIA CORPORATION & AFFILIATES. All rights reserved.

This container image and its contents are governed by the NVIDIA Deep Learning Container License.
By pulling and using the container, you accept the terms and conditions of this license:
https://developer.nvidia.com/ngc/nvidia-deep-learning-container-license

A copy of this license is made available in this container at /NGC-DL-CONTAINER-LICENSE for your convenience.

Round bs=4 (per-rank 1, frac=None, batch_tokens=6) repeat=1/1: steps_per_sec=2.645 over 34 steady steps (match_fraction=1.00, wall=54.8s, per-rank median step_time=['0.3771', '0.3773', '0.3778', '0.3791'])
Round bs=8 (per-rank 2, frac=None, batch_tokens=12) repeat=1/1: steps_per_sec=1.512 over 37 steady steps (match_fraction=1.00, wall=32.9s, per-rank median step_time=['0.6591', '0.6627', '0.6627', '0.6613'])
Collected 2 rounds; wrote sps-table.rounds.jsonl, sps-table.records.jsonl and sps-table.json.manifest.json
Fit SpsCostTable (2 probes) -> /out/sps-table.json
Failed to render sps-table.plot.png (kaleido missing?); skipping plot.
Traceback (most recent call last):
  File "/sgl-workspace/sglang/python/sglang/benchmark/dspark_sps_profiler.py", line 1134, in plot_fit
    fig.write_image(str(plot_path), scale=2)
  File "/opt/sglang/lib/python3.12/site-packages/plotly/basedatatypes.py", line 3805, in write_image
    return pio.write_image(self, *args, **kwargs)
           ^^^^^^^^^^^^^^^^^^^^^^^^^^^^^^^^^^^^^^
  File "/opt/sglang/lib/python3.12/site-packages/plotly/io/_kaleido.py", line 261, in write_image
    raise RuntimeError(KALEIDO_REQUIRED_MSG)
RuntimeError: 
Image export requires the Kaleido package, v1.0.0 or greater,
which can be installed using pip:

    $ pip install --upgrade "kaleido>=1"

Self-check passed: reloaded 2 probes, all lookups positive and below-floor clamp holds.
========Skip benchmark batch_size=32 > skip_max_running_requests_threshold=8.0 due to max running requests limit.========
========Skip benchmark batch_size=16 > skip_max_running_requests_threshold=8.0 due to max running requests limit.========
========Skip benchmark batch_size=32 > skip_max_running_requests_threshold=8.0 due to max running requests limit.========
========Skip benchmark batch_size=64 > skip_max_running_requests_threshold=8.0 due to max running requests limit.========
========Skip benchmark batch_size=96 > skip_max_running_requests_threshold=8.0 due to max running requests limit.========
========Skip benchmark batch_size=128 > skip_max_running_requests_threshold=8.0 due to max running requests limit.========
========Skip benchmark batch_size=160 > skip_max_running_requests_threshold=8.0 due to max running requests limit.========
========Skip benchmark batch_size=192 > skip_max_running_requests_threshold=8.0 due to max running requests limit.========
========Skip benchmark batch_size=224 > skip_max_running_requests_threshold=8.0 due to max running requests limit.========
========Skip benchmark batch_size=256 > skip_max_running_requests_threshold=8.0 due to max running requests limit.========
========Skip benchmark batch_size=320 > skip_max_running_requests_threshold=8.0 due to max running requests limit.========
========Skip benchmark batch_size=384 > skip_max_running_requests_threshold=8.0 due to max running requests limit.========
========Skip benchmark batch_size=448 > skip_max_running_requests_threshold=8.0 due to max running requests limit.========
========Skip benchmark batch_size=512 > skip_max_running_requests_threshold=8.0 due to max running requests limit.========
========Skip benchmark batch_size=640 > skip_max_running_requests_threshold=8.0 due to max running requests limit.========
========Skip benchmark batch_size=768 > skip_max_running_requests_threshold=8.0 due to max running requests limit.========
========Skip benchmark batch_size=896 > skip_max_running_requests_threshold=8.0 due to max running requests limit.========
========Skip benchmark batch_size=1024 > skip_max_running_requests_threshold=8.0 due to max running requests limit.========
