{
 "short_c1": {
  "aggregate_tok_s": 16.93,
  "per_stream_tok_s": 16.93,
  "tokens": 256,
  "wall_s": 15.12
 },
 "medium_c1": {
  "aggregate_tok_s": 13.48,
  "per_stream_tok_s": 13.48,
  "tokens": 336,
  "wall_s": 24.92
 },
 "prose_c1": {
  "aggregate_tok_s": 10.45,
  "per_stream_tok_s": 10.45,
  "tokens": 584,
  "wall_s": 55.91
 },
 "counting_c1": {
  "aggregate_tok_s": 38.59,
  "per_stream_tok_s": 38.59,
  "tokens": 300,
  "wall_s": 7.77
 },
 "counting_c4": {
  "aggregate_tok_s": 112.34,
  "per_stream_tok_s": 28.09,
  "tokens": 800,
  "wall_s": 7.12
 }
}
c1 ...
c1: peak_running=0 completed=18 agg=60.0 tok/s
c2 ...
c2: peak_running=0 completed=28 agg=93.3 tok/s
c4 ...
c4: peak_running=0 completed=36 agg=120.0 tok/s
c8 ...
c8: peak_running=0 completed=48 agg=160.0 tok/s
{"steps": [{"concurrency": 1, "peak_server_running": 0, "server_running_samples": [0, 0, 0, 0, 0, 0, 0, 0, 0, 0, 0, 0, 0, 0, 0, 0, 0, 0, 0, 0, 0, 0, 0, 0, 0, 0, 0, 0, 0, 0, 0, 0, 0, 0, 0, 0, 0, 0, 0, 0, 0, 0, 0, 0, 0, 0, 0, 0, 0, 0, 0, 0, 0, 0, 0, 0, 0, 0, 0, 0, 0], "completed": 18, "errors": 0, "aggregate_tok_s": 60.0}, {"concurrency": 2, "peak_server_running": 0, "server_running_samples": [0, 0, 0, 0, 0, 0, 0, 0, 0, 0, 0, 0, 0, 0, 0, 0, 0, 0, 0, 0, 0, 0, 0, 0, 0, 0, 0, 0, 0, 0, 0, 0, 0, 0, 0, 0, 0, 0, 0, 0, 0, 0, 0, 0, 0, 0, 0, 0, 0, 0, 0, 0, 0, 0, 0, 0, 0, 0, 0, 0, 0, 0, 0], "completed": 28, "errors": 0, "aggregate_tok_s": 93.3}, {"concurrency": 4, "peak_server_running": 0, "server_running_samples": [0, 0, 0, 0, 0, 0, 0, 0, 0, 0, 0, 0, 0, 0, 0, 0, 0, 0, 0, 0, 0, 0, 0, 0, 0, 0, 0, 0, 0, 0, 0, 0, 0, 0, 0, 0, 0, 0, 0, 0, 0, 0, 0, 0, 0, 0, 0, 0, 0, 0, 0, 0, 0, 0, 0, 0, 0, 0, 0, 0, 0], "completed": 36, "errors": 0, "aggregate_tok_s": 120.0}, {"concurrency": 8, "peak_server_running": 0, "server_running_samples": [0, 0, 0, 0, 0, 0, 0, 0, 0, 0, 0, 0, 0, 0, 0, 0, 0, 0, 0, 0, 0, 0, 0, 0, 0, 0, 0, 0, 0, 0, 0, 0, 0, 0, 0, 0, 0, 0, 0, 0, 0, 0, 0, 0, 0, 0, 0, 0, 0, 0, 0, 0, 0, 0, 0, 0, 0, 0, 0, 0, 0, 0, 0, 0, 0, 0], "completed": 48, "errors": 0, "aggregate_tok_s": 160.0}]}
60 cases across 4 families: ['gsm8k', 'hard_reasoning', 'humaneval', 'ifeval']

Q200v2-lite: 15/60 = 25.0%  (1199s)
  gsm8k           15/15 
  hard_reasoning   0/15 
  humaneval        0/15 
  ifeval           0/15 

sample failures:
  hard-00: "Alright, let's go step-by-step.\n\n---\n\n## Step 1: Understanding the problem\n\nWe want to prove or disp"
  hard-01: "Alright, let's go step-by-step.\n\n---\n\nWe have:\n\n- 4 red  \n- 5 blue  \n- 3 green  \nTotal = 12 balls.\n\n"
  hard-02: "Alright, let's go step-by-step.\n\nWe have the equation:\n\n\\[\nx^2 - y^2 = 105\n\\]\nwith \\(x, y \\geq 0\\) i"
  hard-03: 'Assume √2 is rational, so it can be written as a/b in lowest terms with integers a and b. Squaring g'
  hard-04: "Alright, let's go step-by-step.\n\nWe are given the 4×4 Hilbert matrix:\n\n\\[\nH_{ij} = \\frac{1}{i+j-1}, "
